

================================================================
== Vivado HLS Report for 'conv_1'
================================================================
* Date:           Tue May 24 16:47:56 2022

* Version:        2019.2.1 (Build 2724168 on Thu Dec 05 05:19:09 MST 2019)
* Project:        out.prj
* Solution:       solution1
* Product family: virtexuplus
* Target device:  xcu280-fsvh2892-2L-e


================================================================
== Performance Estimates
================================================================
+ Timing: 
    * Summary: 
    +--------+---------+----------+------------+
    |  Clock |  Target | Estimated| Uncertainty|
    +--------+---------+----------+------------+
    |ap_clk  | 4.00 ns | 3.480 ns |   0.50 ns  |
    +--------+---------+----------+------------+

+ Latency: 
    * Summary: 
    +---------+---------+----------+----------+---------+---------+---------+
    |  Latency (cycles) |  Latency (absolute) |      Interval     | Pipeline|
    |   min   |   max   |    min   |    max   |   min   |   max   |   Type  |
    +---------+---------+----------+----------+---------+---------+---------+
    |  1744573|  1744573| 6.978 ms | 6.978 ms |  1744573|  1744573|   none  |
    +---------+---------+----------+----------+---------+---------+---------+

    + Detail: 
        * Instance: 
        N/A

        * Loop: 
        +-----------------+---------+---------+----------+-----------+-----------+------+----------+
        |                 |  Latency (cycles) | Iteration|  Initiation Interval  | Trip |          |
        |    Loop Name    |   min   |   max   |  Latency |  achieved |   target  | Count| Pipelined|
        +-----------------+---------+---------+----------+-----------+-----------+------+----------+
        |- l_s_oc         |  1744572|  1744572|    290762|          -|          -|     6|    no    |
        | + l_i           |   290760|   290760|      9692|          -|          -|    30|    no    |
        |  ++ l_j         |     9690|     9690|       323|          -|          -|    30|    no    |
        |   +++ l_rc      |      321|      321|       107|          -|          -|     3|    no    |
        |    ++++ l_ry    |      105|      105|        35|          -|          -|     3|    no    |
        |     +++++ l_rx  |       33|       33|        11|          -|          -|     3|    no    |
        +-----------------+---------+---------+----------+-----------+-----------+------+----------+



================================================================
== Utilization Estimates
================================================================
* Summary: 
+---------------------+---------+-------+---------+---------+-----+
|         Name        | BRAM_18K| DSP48E|    FF   |   LUT   | URAM|
+---------------------+---------+-------+---------+---------+-----+
|DSP                  |        -|      -|        -|        -|    -|
|Expression           |        -|      -|        0|      298|    -|
|FIFO                 |        -|      -|        -|        -|    -|
|Instance             |        -|      5|      348|      298|    -|
|Memory               |        -|      -|        -|        -|    -|
|Multiplexer          |        -|      -|        -|      143|    -|
|Register             |        -|      -|      271|        -|    -|
+---------------------+---------+-------+---------+---------+-----+
|Total                |        0|      5|      619|      739|    0|
+---------------------+---------+-------+---------+---------+-----+
|Available SLR        |     1344|   3008|   869120|   434560|  320|
+---------------------+---------+-------+---------+---------+-----+
|Utilization SLR (%)  |        0|   ~0  |    ~0   |    ~0   |    0|
+---------------------+---------+-------+---------+---------+-----+
|Available            |     4032|   9024|  2607360|  1303680|  960|
+---------------------+---------+-------+---------+---------+-----+
|Utilization (%)      |        0|   ~0  |    ~0   |    ~0   |    0|
+---------------------+---------+-------+---------+---------+-----+

+ Detail: 
    * Instance: 
    +-------------------------+----------------------+---------+-------+-----+-----+-----+
    |         Instance        |        Module        | BRAM_18K| DSP48E|  FF | LUT | URAM|
    +-------------------------+----------------------+---------+-------+-----+-----+-----+
    |kernel_fadd_32ns_bkb_U8  |kernel_fadd_32ns_bkb  |        0|      2|  205|  220|    0|
    |kernel_fmul_32ns_cud_U9  |kernel_fmul_32ns_cud  |        0|      3|  143|   78|    0|
    +-------------------------+----------------------+---------+-------+-----+-----+-----+
    |Total                    |                      |        0|      5|  348|  298|    0|
    +-------------------------+----------------------+---------+-------+-----+-----+-----+

    * DSP48E: 
    N/A

    * Memory: 
    N/A

    * FIFO: 
    N/A

    * Expression: 
    +----------------------+----------+-------+---+----+------------+------------+
    |     Variable Name    | Operation| DSP48E| FF| LUT| Bitwidth P0| Bitwidth P1|
    +----------------------+----------+-------+---+----+------------+------------+
    |add_ln53_1_fu_446_p2  |     +    |      0|  0|   6|           5|           5|
    |add_ln53_fu_393_p2    |     +    |      0|  0|   6|           5|           5|
    |add_ln54_1_fu_403_p2  |     +    |      0|  0|  64|          64|          64|
    |add_ln54_2_fu_470_p2  |     +    |      0|  0|   9|           9|           9|
    |add_ln54_fu_350_p2    |     +    |      0|  0|   7|           7|           7|
    |add_ln55_1_fu_324_p2  |     +    |      0|  0|  14|          14|          14|
    |add_ln55_fu_273_p2    |     +    |      0|  0|  10|          10|          10|
    |i_fu_263_p2           |     +    |      0|  0|   6|           5|           1|
    |j_fu_314_p2           |     +    |      0|  0|   6|           5|           1|
    |oc_fu_191_p2          |     +    |      0|  0|   4|           3|           1|
    |rc_fu_340_p2          |     +    |      0|  0|   3|           2|           1|
    |rx_fu_440_p2          |     +    |      0|  0|   3|           2|           1|
    |ry_fu_387_p2          |     +    |      0|  0|   3|           2|           1|
    |sub_ln54_1_fu_371_p2  |     -    |      0|  0|  64|          64|          64|
    |sub_ln54_2_fu_424_p2  |     -    |      0|  0|   9|           9|           9|
    |sub_ln54_fu_213_p2    |     -    |      0|  0|   6|           6|           6|
    |sub_ln55_1_fu_302_p2  |     -    |      0|  0|  14|          14|          14|
    |sub_ln55_fu_247_p2    |     -    |      0|  0|   9|           9|           9|
    |icmp_ln47_fu_185_p2   |   icmp   |      0|  0|   9|           3|           3|
    |icmp_ln48_fu_257_p2   |   icmp   |      0|  0|  11|           5|           3|
    |icmp_ln49_fu_308_p2   |   icmp   |      0|  0|  11|           5|           3|
    |icmp_ln50_fu_334_p2   |   icmp   |      0|  0|   8|           2|           2|
    |icmp_ln51_fu_381_p2   |   icmp   |      0|  0|   8|           2|           2|
    |icmp_ln52_fu_434_p2   |   icmp   |      0|  0|   8|           2|           2|
    +----------------------+----------+-------+---+----+------------+------------+
    |Total                 |          |      0|  0| 298|         254|         237|
    +----------------------+----------+-------+---+----+------------+------------+

    * Multiplexer: 
    +--------------+----+-----------+-----+-----------+
    |     Name     | LUT| Input Size| Bits| Total Bits|
    +--------------+----+-----------+-----+-----------+
    |ap_NS_fsm     |  89|         18|    1|         18|
    |i_0_reg_117   |   9|          2|    5|         10|
    |j_0_reg_129   |   9|          2|    5|         10|
    |oc_0_reg_106  |   9|          2|    3|          6|
    |rc_0_reg_141  |   9|          2|    2|          4|
    |rx_0_reg_164  |   9|          2|    2|          4|
    |ry_0_reg_153  |   9|          2|    2|          4|
    +--------------+----+-----------+-----+-----------+
    |Total         | 143|         30|   20|         56|
    +--------------+----+-----------+-----+-----------+

    * Register: 
    +--------------------+----+----+-----+-----------+
    |        Name        | FF | LUT| Bits| Const Bits|
    +--------------------+----+----+-----+-----------+
    |add_ln53_reg_545    |   5|   0|    5|          0|
    |ap_CS_fsm           |  17|   0|   17|          0|
    |i_0_reg_117         |   5|   0|    5|          0|
    |i_reg_501           |   5|   0|    5|          0|
    |j_0_reg_129         |   5|   0|    5|          0|
    |j_reg_514           |   5|   0|    5|          0|
    |oc_0_reg_106        |   3|   0|    3|          0|
    |oc_reg_483          |   3|   0|    3|          0|
    |rc_0_reg_141        |   2|   0|    2|          0|
    |rc_reg_527          |   2|   0|    2|          0|
    |rx_0_reg_164        |   2|   0|    2|          0|
    |rx_reg_558          |   2|   0|    2|          0|
    |ry_0_reg_153        |   2|   0|    2|          0|
    |ry_reg_540          |   2|   0|    2|          0|
    |sext_ln54_reg_488   |   7|   0|    7|          0|
    |sext_ln55_reg_493   |   9|   0|   10|          1|
    |sub_ln54_1_reg_532  |  64|   0|   64|          0|
    |sub_ln54_2_reg_550  |   9|   0|    9|          0|
    |sub_ln55_1_reg_506  |  13|   0|   14|          1|
    |v11_reg_583         |  32|   0|   32|          0|
    |v12_reg_588         |  32|   0|   32|          0|
    |v13_reg_593         |  32|   0|   32|          0|
    |v2_addr_reg_519     |  13|   0|   13|          0|
    +--------------------+----+----+-----+-----------+
    |Total               | 271|   0|  273|          2|
    +--------------------+----+----+-----+-----------+



================================================================
== Interface
================================================================
* Summary: 
+-------------+-----+-----+------------+--------------+--------------+
|  RTL Ports  | Dir | Bits|  Protocol  | Source Object|    C Type    |
+-------------+-----+-----+------------+--------------+--------------+
|ap_clk       |  in |    1| ap_ctrl_hs |    conv_1    | return value |
|ap_rst       |  in |    1| ap_ctrl_hs |    conv_1    | return value |
|ap_start     |  in |    1| ap_ctrl_hs |    conv_1    | return value |
|ap_done      | out |    1| ap_ctrl_hs |    conv_1    | return value |
|ap_idle      | out |    1| ap_ctrl_hs |    conv_1    | return value |
|ap_ready     | out |    1| ap_ctrl_hs |    conv_1    | return value |
|v0_address0  | out |   12|  ap_memory |      v0      |     array    |
|v0_ce0       | out |    1|  ap_memory |      v0      |     array    |
|v0_q0        |  in |   32|  ap_memory |      v0      |     array    |
|v1_address0  | out |    8|  ap_memory |      v1      |     array    |
|v1_ce0       | out |    1|  ap_memory |      v1      |     array    |
|v1_q0        |  in |   32|  ap_memory |      v1      |     array    |
|v2_address0  | out |   13|  ap_memory |      v2      |     array    |
|v2_ce0       | out |    1|  ap_memory |      v2      |     array    |
|v2_we0       | out |    1|  ap_memory |      v2      |     array    |
|v2_d0        | out |   32|  ap_memory |      v2      |     array    |
|v2_q0        |  in |   32|  ap_memory |      v2      |     array    |
+-------------+-----+-----+------------+--------------+--------------+

